/home/blueteam/a.sh
/home/blueteam/.ansible/tmp/ansible-tmp-1742589174.801464-14908-237959545939165/AnsiballZ_find.py
/etc/ld.so.cache
/etc/sudoers
/etc/lvm/backup/ubuntu-vg
/etc/lvm/archive/ubuntu-vg_00000-1787768532.vg
/etc/salt/minion_id
/etc/apt/keyrings/salt-archive-keyring.pgp
/etc/apt/preferences.d/salt-pin-1001
/etc/apt/sources.list.d/salt.sources
/etc/audit/audit.rules
/etc/audit/audit.rules.prev
/etc/audit/rules.d/ccdc.rules